
> aizumen-server@1.0.0 test
> jest --verbose src/tests src/tests/logService.test.js --verbose

node.exe : FAIL src/tests/logService.test.js
発生場所 行:1 文字:1
+ & "C:\Program Files\nodejs/node.exe" "C:\Program Files\nodejs/node
_mo ...
+ ~~~~~~~~~~~~~~~~~~~~~~~~~~~~~~~~~~~~~~~~~~~~~~~~~~~~~~~~~~~~~~~~~~
~~~
    + CategoryInfo          : NotSpecified: (FAIL src/tests/logServ 
   ice.test.js:String) [], RemoteException
    + FullyQualifiedErrorId : NativeCommandError
 
  LogService
    maskSensitiveData
      竏・should mask sensitive keys (2 ms)
      竏・should handle non-object inputs (1 ms)
    level-based output
      ﾃ・info should always log to console (2 ms)
      ﾃ・warn should always log to console.warn
      ﾃ・debug should log only when isDev is true

  笳・LogService 窶ｺ level-based output 窶ｺ info should always log to co
nsole

    expect(jest.fn()).toHaveBeenCalledWith(...expected)

    Expected: StringContaining "[INFO] test info", ""
    Received: "[AiZumen API][INFO][2026-03-15T12:17:04.575Z] test in
fo", ""

    Number of calls: 1

    [0m [90m 56 |[39m         it([32m'info should always log to 
console'[39m[33m,[39m () [33m=>[39m {
     [90m 57 |[39m             logService[33m.[39minfo([32m'tes
t info'[39m)[33m;[39m
    [31m[1m>[22m[39m[90m 58 |[39m             expect(consoleLo
gSpy)[33m.[39mtoHaveBeenCalledWith(expect[33m.[39mstringContaini
ng([32m'[INFO] test info'[39m)[33m,[39m [32m''[39m)[33m;[39m
     [90m    |[39m                                   [31m[1m^[2
2m[39m
     [90m 59 |[39m         })[33m;[39m
     [90m 60 |[39m
     [90m 61 |[39m         it([32m'warn should always log to cons
ole.warn'[39m[33m,[39m () [33m=>[39m {[0m

      at Object.toHaveBeenCalledWith (src/tests/logService.test.js:5
8:35)

  笳・LogService 窶ｺ level-based output 窶ｺ warn should always log to co
nsole.warn

    expect(jest.fn()).toHaveBeenCalledWith(...expected)

    Expected: StringContaining "[WARN] test warn", ""
    Received: "[AiZumen API][WARN][2026-03-15T12:17:04.580Z] test wa
rn", ""

    Number of calls: 1

    [0m [90m 61 |[39m         it([32m'warn should always log to 
console.warn'[39m[33m,[39m () [33m=>[39m {
     [90m 62 |[39m             logService[33m.[39mwarn([32m'tes
t warn'[39m)[33m;[39m
    [31m[1m>[22m[39m[90m 63 |[39m             expect(consoleWa
rnSpy)[33m.[39mtoHaveBeenCalledWith(expect[33m.[39mstringContain
ing([32m'[WARN] test warn'[39m)[33m,[39m [32m''[39m)[33m;[39
m
     [90m    |[39m                                    [31m[1m^[
22m[39m
     [90m 64 |[39m         })[33m;[39m
     [90m 65 |[39m
     [90m 66 |[39m         it([32m'debug should log only when isD
ev is true'[39m[33m,[39m () [33m=>[39m {[0m

      at Object.toHaveBeenCalledWith (src/tests/logService.test.js:6
3:36)

  笳・LogService 窶ｺ level-based output 窶ｺ debug should log only when i
sDev is true

    expect(jest.fn()).toHaveBeenCalledWith(...expected)

    Expected: StringContaining "[DEBUG] test debug", ""
    Received: "[AiZumen API][DEBUG][2026-03-15T12:17:04.581Z] test d
ebug", ""

    Number of calls: 1

    [0m [90m 68 |[39m             logService[33m.[39misDev [33
m=[39m [36mtrue[39m[33m;[39m
     [90m 69 |[39m             logService[33m.[39mdebug([32m'te
st debug'[39m)[33m;[39m
    [31m[1m>[22m[39m[90m 70 |[39m             expect(consoleLo
gSpy)[33m.[39mtoHaveBeenCalledWith(expect[33m.[39mstringContaini
ng([32m'[DEBUG] test debug'[39m)[33m,[39m [32m''[39m)[33m;[3
9m
     [90m    |[39m                                   [31m[1m^[2
2m[39m
     [90m 71 |[39m
     [90m 72 |[39m             consoleLogSpy[33m.[39mmockClear()
[33m;[39m
     [90m 73 |[39m             logService[33m.[39misDev [33m=[
39m [36mfalse[39m[33m;[39m[0m

      at Object.toHaveBeenCalledWith (src/tests/logService.test.js:7
0:35)

Test Suites: 1 failed, 1 total
Tests:       3 failed, 2 passed, 5 total
Snapshots:   0 total
Time:        0.206 s, estimated 1 s
Ran all test suites matching src/tests|src/tests/logService.test.js.
